
Discarded input sections

 .text          0x0000000000000000        0x0 build/fpkg.o
 .comment       0x0000000000000000       0x36 build/fpkg.o
 .note.GNU-stack
                0x0000000000000000        0x0 build/fpkg.o
 .eh_frame      0x0000000000000000      0x188 build/fpkg.o
 .text          0x0000000000000000        0x0 build/fself.o
 .comment       0x0000000000000000       0x36 build/fself.o
 .note.GNU-stack
                0x0000000000000000        0x0 build/fself.o
 .eh_frame      0x0000000000000000      0x170 build/fself.o
 .text          0x0000000000000000        0x3 build/main.o
 .text.unlikely
                0x0000000000000000        0x0 build/main.o
 .comment       0x0000000000000000       0x36 build/main.o
 .note.GNU-stack
                0x0000000000000000        0x0 build/main.o
 .eh_frame      0x0000000000000000       0x58 build/main.o
 .text          0x0000000000000000        0x0 build/patch.o
 .comment       0x0000000000000000       0x36 build/patch.o
 .note.GNU-stack
                0x0000000000000000        0x0 build/patch.o
 .eh_frame      0x0000000000000000       0xb0 build/patch.o

Memory Configuration

Name             Origin             Length             Attributes
*default*        0x0000000000000000 0xffffffffffffffff

Linker script and memory map

LOAD build/fpkg.o
LOAD build/fself.o
LOAD build/main.o
LOAD build/patch.o
                0x0000000000000000                . = 0x0

.payload_header
                0x0000000000000000       0x10
 *(.payload_header)
 .payload_header
                0x0000000000000000       0x10 build/main.o
                0x0000000000000000                payload_header

.payload_code   0x0000000000000010     0x118e
 *(.payload_code)
 .payload_code  0x0000000000000010      0x645 build/fpkg.o
                0x0000000000000010                my_sceSblKeymgrSetKeyStorage__sceSblDriverSendMsg
                0x0000000000000101                my_mountpfs__sceSblPfsSetKeys
                0x00000000000004e6                my_sceSblKeymgrSmCallfunc_npdrm_decrypt_rif_new
                0x0000000000000573                my_sceSblKeymgrSmCallfunc_npdrm_decrypt_isolated_rif
                0x00000000000005bf                install_fpkg_hooks
 .payload_code  0x0000000000000655      0x54b build/fself.o
                0x0000000000000672                my_sceSblAuthMgrIsLoadable__sceSblACMgrGetPathId
                0x00000000000006e7                my_sceSblAuthMgrVerifyHeader
                0x00000000000007e5                my_sceSblAuthMgrIsLoadable2
                0x0000000000000974                my_sceSblAuthMgrSmLoadSelfSegment__sceSblServiceMailbox
                0x00000000000009c2                my_sceSblAuthMgrSmLoadSelfBlock__sceSblServiceMailbox
                0x0000000000000af8                install_fself_hooks
 .payload_code  0x0000000000000ba0      0x24b build/main.o
                0x0000000000000ba0                resolve_kdlsym
                0x0000000000000dd3                my_entrypoint
 .payload_code  0x0000000000000deb      0x3b3 build/patch.o
                0x0000000000000ece                shellcore_fpkg_patch

.payload_data   0x00000000000011a0      0x440
 *(.payload_rdata .rodata*)
 .payload_rdata
                0x00000000000011a0      0x2a0 build/fpkg.o
 .rodata.str1.1
                0x0000000000001440        0xc build/fself.o
 *fill*         0x000000000000144c       0x14 
 .payload_rdata
                0x0000000000001460      0x128 build/fself.o
 .rodata.str1.1
                0x0000000000001588       0x13 build/patch.o
 *fill*         0x000000000000159b        0x5 
 .rodata        0x00000000000015a0       0x40 build/patch.o
 *(.payload_data)

.payload_bss    0x00000000000015e0      0x138
 *(.payload_bss)
 .payload_bss   0x00000000000015e0      0x138 build/main.o
                0x00000000000015e0                vm_map_lookup_entry
                0x00000000000015e8                vm_map_unlock_read
                0x00000000000015f0                vm_map_lock_read
                0x00000000000015f8                vmspace_free
                0x0000000000001600                vmspace_acquire_ref
                0x0000000000001608                proc_rwmem
                0x0000000000001610                Sha256Hmac
                0x0000000000001618                AesCbcCfb128Decrypt
                0x0000000000001620                AesCbcCfb128Encrypt
                0x0000000000001628                RsaesPkcs1v15Dec2048CRT
                0x0000000000001630                sceSblDriverSendMsg
                0x0000000000001638                sceSblKeymgrSmCallfunc
                0x0000000000001640                sceSblKeymgrSetKeyForPfs
                0x0000000000001648                sceSblKeymgrClearKey
                0x0000000000001650                sceSblPfsSetKeys
                0x0000000000001658                sceSblPfsKeymgrGenKeys
                0x0000000000001660                sceSblACMgrGetPathId
                0x0000000000001668                sceSblAuthMgrVerifyHeader
                0x0000000000001670                sceSblAuthMgrIsLoadable2
                0x0000000000001678                sceSblAuthMgrGetSelfInfo
                0x0000000000001680                sceSblServiceMailbox
                0x0000000000001688                sceSblAuthMgrSmStart
                0x0000000000001690                allproc
                0x0000000000001698                sbl_pfs_sx
                0x00000000000016a0                sbl_driver_mapped_pages
                0x00000000000016a8                mini_syscore_self_binary
                0x00000000000016b0                fpu_ctx
                0x00000000000016b8                M_TEMP
                0x00000000000016c0                fpu_kern_leave
                0x00000000000016c8                fpu_kern_enter
                0x00000000000016d0                sx_xunlock
                0x00000000000016d8                sx_xlock
                0x00000000000016e0                memcmp
                0x00000000000016e8                memset
                0x00000000000016f0                memcpy
                0x00000000000016f8                free
                0x0000000000001700                malloc
                0x0000000000001708                strstr
                0x0000000000001710                strlen
                0x0000000000100000                . = 0x100000

.data           0x0000000000100000        0x0
 *(.data)
 .data          0x0000000000100000        0x0 build/fpkg.o
 .data          0x0000000000100000        0x0 build/fself.o
 .data          0x0000000000100000        0x0 build/main.o
 .data          0x0000000000100000        0x0 build/patch.o

.bss            0x0000000000100000        0x0
 *(.bss)
 .bss           0x0000000000100000        0x0 build/fpkg.o
 .bss           0x0000000000100000        0x0 build/fself.o
 .bss           0x0000000000100000        0x0 build/main.o
 .bss           0x0000000000100000        0x0 build/patch.o

/DISCARD/
 *(*)
OUTPUT(temp.t elf64-x86-64)
